Archive member included because of file (symbol)

c:/program files (x86)/atmel/atmel toolchain/avr8 gcc/native/3.4.1061/avr8-gnu-toolchain/bin/../lib/gcc/avr/4.8.1/avr5\libgcc.a(_udivmodsi4.o)
                              MCAL/I2C/I2C_File.o (__udivmodsi4)
c:/program files (x86)/atmel/atmel toolchain/avr8 gcc/native/3.4.1061/avr8-gnu-toolchain/bin/../lib/gcc/avr/4.8.1/avr5\libgcc.a(_exit.o)
                              c:/program files (x86)/atmel/atmel toolchain/avr8 gcc/native/3.4.1061/avr8-gnu-toolchain/bin/../lib/gcc/avr/4.8.1/../../../../avr/lib/avr5/crtm32.o (exit)
c:/program files (x86)/atmel/atmel toolchain/avr8 gcc/native/3.4.1061/avr8-gnu-toolchain/bin/../lib/gcc/avr/4.8.1/avr5\libgcc.a(_clear_bss.o)
                              APP/Master_app.o (__do_clear_bss)

Discarded input sections

 .data          0x00000000        0x0 c:/program files (x86)/atmel/atmel toolchain/avr8 gcc/native/3.4.1061/avr8-gnu-toolchain/bin/../lib/gcc/avr/4.8.1/../../../../avr/lib/avr5/crtm32.o
 .bss           0x00000000        0x0 c:/program files (x86)/atmel/atmel toolchain/avr8 gcc/native/3.4.1061/avr8-gnu-toolchain/bin/../lib/gcc/avr/4.8.1/../../../../avr/lib/avr5/crtm32.o
 .text          0x00000000        0x0 APP/Master_app.o
 .data          0x00000000        0x0 APP/Master_app.o
 .bss           0x00000000        0x0 APP/Master_app.o
 .text.Master_Init_system_1
                0x00000000       0x16 APP/Master_app.o
 .text.Master_Control_system_1
                0x00000000       0x3e APP/Master_app.o
 .text          0x00000000        0x0 APP/Master_Code.o
 .data          0x00000000        0x0 APP/Master_Code.o
 .bss           0x00000000        0x0 APP/Master_Code.o
 .text          0x00000000        0x0 HAL/EEPROM/EEPROM.o
 .data          0x00000000        0x0 HAL/EEPROM/EEPROM.o
 .bss           0x00000000        0x0 HAL/EEPROM/EEPROM.o
 .text.Disable_Interrupt
                0x00000000        0xe HAL/EEPROM/EEPROM.o
 .text.EEPROM_Write_Data
                0x00000000       0x14 HAL/EEPROM/EEPROM.o
 .text.EEPROM_Read_Data
                0x00000000        0xa HAL/EEPROM/EEPROM.o
 .debug_info    0x00000000      0x119 HAL/EEPROM/EEPROM.o
 .debug_abbrev  0x00000000       0x92 HAL/EEPROM/EEPROM.o
 .debug_loc     0x00000000       0x6b HAL/EEPROM/EEPROM.o
 .debug_aranges
                0x00000000       0x30 HAL/EEPROM/EEPROM.o
 .debug_ranges  0x00000000       0x20 HAL/EEPROM/EEPROM.o
 .debug_line    0x00000000       0x8d HAL/EEPROM/EEPROM.o
 .debug_str     0x00000000      0x1f3 HAL/EEPROM/EEPROM.o
 .comment       0x00000000       0x31 HAL/EEPROM/EEPROM.o
 .debug_frame   0x00000000       0x44 HAL/EEPROM/EEPROM.o
 .text          0x00000000        0x0 HAL/LCD/LCD.o
 .data          0x00000000        0x0 HAL/LCD/LCD.o
 .bss           0x00000000        0x0 HAL/LCD/LCD.o
 .text.Move_Curser_LCD
                0x00000000       0x36 HAL/LCD/LCD.o
 .text.Clear_LCD
                0x00000000       0x14 HAL/LCD/LCD.o
 .text.Send_String_LCD
                0x00000000       0x1e HAL/LCD/LCD.o
 .text          0x00000000        0x0 MCAL/GPIO/GPIO.o
 .data          0x00000000        0x0 MCAL/GPIO/GPIO.o
 .bss           0x00000000        0x0 MCAL/GPIO/GPIO.o
 .text.GPIO_Pin_Read
                0x00000000       0x26 MCAL/GPIO/GPIO.o
 .text.GPIO_Pin_Toggle
                0x00000000       0x1e MCAL/GPIO/GPIO.o
 .text.GPIO_Port_Write
                0x00000000        0x6 MCAL/GPIO/GPIO.o
 .text.GPIO_Port_Read
                0x00000000        0x6 MCAL/GPIO/GPIO.o
 .text.GPIO_Write_Low_Nibble
                0x00000000       0x4a MCAL/GPIO/GPIO.o
 .text.GPIO_Pin_Enable_PULLUP_RES
                0x00000000        0x2 MCAL/GPIO/GPIO.o
 .text          0x00000000        0x0 MCAL/I2C/I2C_File.o
 .data          0x00000000        0x0 MCAL/I2C/I2C_File.o
 .bss           0x00000000        0x0 MCAL/I2C/I2C_File.o
 .text.Set_SLA_Value
                0x00000000        0x4 MCAL/I2C/I2C_File.o
 .text.TWI_Read_Byte_Ack
                0x00000000       0x24 MCAL/I2C/I2C_File.o
 .text          0x00000000        0x0 c:/program files (x86)/atmel/atmel toolchain/avr8 gcc/native/3.4.1061/avr8-gnu-toolchain/bin/../lib/gcc/avr/4.8.1/avr5\libgcc.a(_udivmodsi4.o)
 .data          0x00000000        0x0 c:/program files (x86)/atmel/atmel toolchain/avr8 gcc/native/3.4.1061/avr8-gnu-toolchain/bin/../lib/gcc/avr/4.8.1/avr5\libgcc.a(_udivmodsi4.o)
 .bss           0x00000000        0x0 c:/program files (x86)/atmel/atmel toolchain/avr8 gcc/native/3.4.1061/avr8-gnu-toolchain/bin/../lib/gcc/avr/4.8.1/avr5\libgcc.a(_udivmodsi4.o)
 .text.libgcc.mul
                0x00000000        0x0 c:/program files (x86)/atmel/atmel toolchain/avr8 gcc/native/3.4.1061/avr8-gnu-toolchain/bin/../lib/gcc/avr/4.8.1/avr5\libgcc.a(_udivmodsi4.o)
 .text.libgcc   0x00000000        0x0 c:/program files (x86)/atmel/atmel toolchain/avr8 gcc/native/3.4.1061/avr8-gnu-toolchain/bin/../lib/gcc/avr/4.8.1/avr5\libgcc.a(_udivmodsi4.o)
 .text.libgcc.prologue
                0x00000000        0x0 c:/program files (x86)/atmel/atmel toolchain/avr8 gcc/native/3.4.1061/avr8-gnu-toolchain/bin/../lib/gcc/avr/4.8.1/avr5\libgcc.a(_udivmodsi4.o)
 .text.libgcc.builtins
                0x00000000        0x0 c:/program files (x86)/atmel/atmel toolchain/avr8 gcc/native/3.4.1061/avr8-gnu-toolchain/bin/../lib/gcc/avr/4.8.1/avr5\libgcc.a(_udivmodsi4.o)
 .text.libgcc.fmul
                0x00000000        0x0 c:/program files (x86)/atmel/atmel toolchain/avr8 gcc/native/3.4.1061/avr8-gnu-toolchain/bin/../lib/gcc/avr/4.8.1/avr5\libgcc.a(_udivmodsi4.o)
 .text.libgcc.fixed
                0x00000000        0x0 c:/program files (x86)/atmel/atmel toolchain/avr8 gcc/native/3.4.1061/avr8-gnu-toolchain/bin/../lib/gcc/avr/4.8.1/avr5\libgcc.a(_udivmodsi4.o)
 .text          0x00000000        0x0 c:/program files (x86)/atmel/atmel toolchain/avr8 gcc/native/3.4.1061/avr8-gnu-toolchain/bin/../lib/gcc/avr/4.8.1/avr5\libgcc.a(_exit.o)
 .data          0x00000000        0x0 c:/program files (x86)/atmel/atmel toolchain/avr8 gcc/native/3.4.1061/avr8-gnu-toolchain/bin/../lib/gcc/avr/4.8.1/avr5\libgcc.a(_exit.o)
 .bss           0x00000000        0x0 c:/program files (x86)/atmel/atmel toolchain/avr8 gcc/native/3.4.1061/avr8-gnu-toolchain/bin/../lib/gcc/avr/4.8.1/avr5\libgcc.a(_exit.o)
 .text.libgcc.mul
                0x00000000        0x0 c:/program files (x86)/atmel/atmel toolchain/avr8 gcc/native/3.4.1061/avr8-gnu-toolchain/bin/../lib/gcc/avr/4.8.1/avr5\libgcc.a(_exit.o)
 .text.libgcc.div
                0x00000000        0x0 c:/program files (x86)/atmel/atmel toolchain/avr8 gcc/native/3.4.1061/avr8-gnu-toolchain/bin/../lib/gcc/avr/4.8.1/avr5\libgcc.a(_exit.o)
 .text.libgcc   0x00000000        0x0 c:/program files (x86)/atmel/atmel toolchain/avr8 gcc/native/3.4.1061/avr8-gnu-toolchain/bin/../lib/gcc/avr/4.8.1/avr5\libgcc.a(_exit.o)
 .text.libgcc.prologue
                0x00000000        0x0 c:/program files (x86)/atmel/atmel toolchain/avr8 gcc/native/3.4.1061/avr8-gnu-toolchain/bin/../lib/gcc/avr/4.8.1/avr5\libgcc.a(_exit.o)
 .text.libgcc.builtins
                0x00000000        0x0 c:/program files (x86)/atmel/atmel toolchain/avr8 gcc/native/3.4.1061/avr8-gnu-toolchain/bin/../lib/gcc/avr/4.8.1/avr5\libgcc.a(_exit.o)
 .text.libgcc.fmul
                0x00000000        0x0 c:/program files (x86)/atmel/atmel toolchain/avr8 gcc/native/3.4.1061/avr8-gnu-toolchain/bin/../lib/gcc/avr/4.8.1/avr5\libgcc.a(_exit.o)
 .text.libgcc.fixed
                0x00000000        0x0 c:/program files (x86)/atmel/atmel toolchain/avr8 gcc/native/3.4.1061/avr8-gnu-toolchain/bin/../lib/gcc/avr/4.8.1/avr5\libgcc.a(_exit.o)
 .text          0x00000000        0x0 c:/program files (x86)/atmel/atmel toolchain/avr8 gcc/native/3.4.1061/avr8-gnu-toolchain/bin/../lib/gcc/avr/4.8.1/avr5\libgcc.a(_clear_bss.o)
 .data          0x00000000        0x0 c:/program files (x86)/atmel/atmel toolchain/avr8 gcc/native/3.4.1061/avr8-gnu-toolchain/bin/../lib/gcc/avr/4.8.1/avr5\libgcc.a(_clear_bss.o)
 .bss           0x00000000        0x0 c:/program files (x86)/atmel/atmel toolchain/avr8 gcc/native/3.4.1061/avr8-gnu-toolchain/bin/../lib/gcc/avr/4.8.1/avr5\libgcc.a(_clear_bss.o)
 .text.libgcc.mul
                0x00000000        0x0 c:/program files (x86)/atmel/atmel toolchain/avr8 gcc/native/3.4.1061/avr8-gnu-toolchain/bin/../lib/gcc/avr/4.8.1/avr5\libgcc.a(_clear_bss.o)
 .text.libgcc.div
                0x00000000        0x0 c:/program files (x86)/atmel/atmel toolchain/avr8 gcc/native/3.4.1061/avr8-gnu-toolchain/bin/../lib/gcc/avr/4.8.1/avr5\libgcc.a(_clear_bss.o)
 .text.libgcc   0x00000000        0x0 c:/program files (x86)/atmel/atmel toolchain/avr8 gcc/native/3.4.1061/avr8-gnu-toolchain/bin/../lib/gcc/avr/4.8.1/avr5\libgcc.a(_clear_bss.o)
 .text.libgcc.prologue
                0x00000000        0x0 c:/program files (x86)/atmel/atmel toolchain/avr8 gcc/native/3.4.1061/avr8-gnu-toolchain/bin/../lib/gcc/avr/4.8.1/avr5\libgcc.a(_clear_bss.o)
 .text.libgcc.builtins
                0x00000000        0x0 c:/program files (x86)/atmel/atmel toolchain/avr8 gcc/native/3.4.1061/avr8-gnu-toolchain/bin/../lib/gcc/avr/4.8.1/avr5\libgcc.a(_clear_bss.o)
 .text.libgcc.fmul
                0x00000000        0x0 c:/program files (x86)/atmel/atmel toolchain/avr8 gcc/native/3.4.1061/avr8-gnu-toolchain/bin/../lib/gcc/avr/4.8.1/avr5\libgcc.a(_clear_bss.o)
 .text.libgcc.fixed
                0x00000000        0x0 c:/program files (x86)/atmel/atmel toolchain/avr8 gcc/native/3.4.1061/avr8-gnu-toolchain/bin/../lib/gcc/avr/4.8.1/avr5\libgcc.a(_clear_bss.o)

Memory Configuration

Name             Origin             Length             Attributes
text             0x00000000         0x00020000         xr
data             0x00800060         0x0000ffa0         rw !x
eeprom           0x00810000         0x00010000         rw !x
fuse             0x00820000         0x00000400         rw !x
lock             0x00830000         0x00000400         rw !x
signature        0x00840000         0x00000400         rw !x
user_signatures  0x00850000         0x00000400         rw !x
*default*        0x00000000         0xffffffff

Linker script and memory map

LOAD c:/program files (x86)/atmel/atmel toolchain/avr8 gcc/native/3.4.1061/avr8-gnu-toolchain/bin/../lib/gcc/avr/4.8.1/../../../../avr/lib/avr5/crtm32.o
LOAD APP/Master_app.o
LOAD APP/Master_Code.o
LOAD HAL/EEPROM/EEPROM.o
LOAD HAL/LCD/LCD.o
LOAD MCAL/GPIO/GPIO.o
LOAD MCAL/I2C/I2C_File.o
START GROUP
LOAD c:/program files (x86)/atmel/atmel toolchain/avr8 gcc/native/3.4.1061/avr8-gnu-toolchain/bin/../lib/gcc/avr/4.8.1/../../../../avr/lib/avr5\libm.a
END GROUP
START GROUP
LOAD c:/program files (x86)/atmel/atmel toolchain/avr8 gcc/native/3.4.1061/avr8-gnu-toolchain/bin/../lib/gcc/avr/4.8.1/avr5\libgcc.a
LOAD c:/program files (x86)/atmel/atmel toolchain/avr8 gcc/native/3.4.1061/avr8-gnu-toolchain/bin/../lib/gcc/avr/4.8.1/../../../../avr/lib/avr5\libm.a
LOAD c:/program files (x86)/atmel/atmel toolchain/avr8 gcc/native/3.4.1061/avr8-gnu-toolchain/bin/../lib/gcc/avr/4.8.1/../../../../avr/lib/avr5\libc.a
END GROUP

.hash
 *(.hash)

.dynsym
 *(.dynsym)

.dynstr
 *(.dynstr)

.gnu.version
 *(.gnu.version)

.gnu.version_d
 *(.gnu.version_d)

.gnu.version_r
 *(.gnu.version_r)

.rel.init
 *(.rel.init)

.rela.init
 *(.rela.init)

.rel.text
 *(.rel.text)
 *(.rel.text.*)
 *(.rel.gnu.linkonce.t*)

.rela.text
 *(.rela.text)
 *(.rela.text.*)
 *(.rela.gnu.linkonce.t*)

.rel.fini
 *(.rel.fini)

.rela.fini
 *(.rela.fini)

.rel.rodata
 *(.rel.rodata)
 *(.rel.rodata.*)
 *(.rel.gnu.linkonce.r*)

.rela.rodata
 *(.rela.rodata)
 *(.rela.rodata.*)
 *(.rela.gnu.linkonce.r*)

.rel.data
 *(.rel.data)
 *(.rel.data.*)
 *(.rel.gnu.linkonce.d*)

.rela.data
 *(.rela.data)
 *(.rela.data.*)
 *(.rela.gnu.linkonce.d*)

.rel.ctors
 *(.rel.ctors)

.rela.ctors
 *(.rela.ctors)

.rel.dtors
 *(.rel.dtors)

.rela.dtors
 *(.rela.dtors)

.rel.got
 *(.rel.got)

.rela.got
 *(.rela.got)

.rel.bss
 *(.rel.bss)

.rela.bss
 *(.rela.bss)

.rel.plt
 *(.rel.plt)

.rela.plt
 *(.rela.plt)

.text           0x00000000      0x4ec
 *(.vectors)
 .vectors       0x00000000       0x54 c:/program files (x86)/atmel/atmel toolchain/avr8 gcc/native/3.4.1061/avr8-gnu-toolchain/bin/../lib/gcc/avr/4.8.1/../../../../avr/lib/avr5/crtm32.o
                0x00000000                __vector_default
                0x00000000                __vectors
 *(.vectors)
 *(.progmem.gcc*)
                0x00000054                . = ALIGN (0x2)
                0x00000054                __trampolines_start = .
 *(.trampolines)
 .trampolines   0x00000054        0x0 linker stubs
 *(.trampolines*)
                0x00000054                __trampolines_end = .
 *(.progmem*)
                0x00000054                . = ALIGN (0x2)
 *(.jumptables)
 *(.jumptables*)
 *(.lowtext)
 *(.lowtext*)
                0x00000054                __ctors_start = .
 *(.ctors)
                0x00000054                __ctors_end = .
                0x00000054                __dtors_start = .
 *(.dtors)
                0x00000054                __dtors_end = .
 SORT(*)(.ctors)
 SORT(*)(.dtors)
 *(.init0)
 .init0         0x00000054        0x0 c:/program files (x86)/atmel/atmel toolchain/avr8 gcc/native/3.4.1061/avr8-gnu-toolchain/bin/../lib/gcc/avr/4.8.1/../../../../avr/lib/avr5/crtm32.o
                0x00000054                __init
 *(.init0)
 *(.init1)
 *(.init1)
 *(.init2)
 .init2         0x00000054        0xc c:/program files (x86)/atmel/atmel toolchain/avr8 gcc/native/3.4.1061/avr8-gnu-toolchain/bin/../lib/gcc/avr/4.8.1/../../../../avr/lib/avr5/crtm32.o
 *(.init2)
 *(.init3)
 *(.init3)
 *(.init4)
 .init4         0x00000060       0x10 c:/program files (x86)/atmel/atmel toolchain/avr8 gcc/native/3.4.1061/avr8-gnu-toolchain/bin/../lib/gcc/avr/4.8.1/avr5\libgcc.a(_clear_bss.o)
                0x00000060                __do_clear_bss
 *(.init4)
 *(.init5)
 *(.init5)
 *(.init6)
 *(.init6)
 *(.init7)
 *(.init7)
 *(.init8)
 *(.init8)
 *(.init9)
 .init9         0x00000070        0x8 c:/program files (x86)/atmel/atmel toolchain/avr8 gcc/native/3.4.1061/avr8-gnu-toolchain/bin/../lib/gcc/avr/4.8.1/../../../../avr/lib/avr5/crtm32.o
 *(.init9)
 *(.text)
 .text          0x00000078        0x4 c:/program files (x86)/atmel/atmel toolchain/avr8 gcc/native/3.4.1061/avr8-gnu-toolchain/bin/../lib/gcc/avr/4.8.1/../../../../avr/lib/avr5/crtm32.o
                0x00000078                __vector_1
                0x00000078                __vector_12
                0x00000078                __bad_interrupt
                0x00000078                __vector_6
                0x00000078                __vector_3
                0x00000078                __vector_11
                0x00000078                __vector_13
                0x00000078                __vector_17
                0x00000078                __vector_19
                0x00000078                __vector_7
                0x00000078                __vector_5
                0x00000078                __vector_4
                0x00000078                __vector_9
                0x00000078                __vector_2
                0x00000078                __vector_15
                0x00000078                __vector_8
                0x00000078                __vector_14
                0x00000078                __vector_10
                0x00000078                __vector_16
                0x00000078                __vector_18
                0x00000078                __vector_20
                0x0000007c                . = ALIGN (0x2)
 *(.text.*)
 .text.Master_Init_system_2
                0x0000007c       0x1a APP/Master_app.o
                0x0000007c                Master_Init_system_2
 .text.Master_Control_system_2
                0x00000096       0x66 APP/Master_app.o
                0x00000096                Master_Control_system_2
 .text.main     0x000000fc        0xa APP/Master_Code.o
                0x000000fc                main
 .text.Set_Enable_Bit
                0x00000106       0x32 HAL/LCD/LCD.o
 .text.Send_Command_LCD
                0x00000138       0x48 HAL/LCD/LCD.o
                0x00000138                Send_Command_LCD
 .text.LCD_Init
                0x00000180       0x98 HAL/LCD/LCD.o
                0x00000180                LCD_Init
 .text.Send_char_LCD
                0x00000218       0x48 HAL/LCD/LCD.o
                0x00000218                Send_char_LCD
 .text.GPIO_Pin_Configuration
                0x00000260       0x7a MCAL/GPIO/GPIO.o
                0x00000260                GPIO_Pin_Configuration
 .text.GPIO_Pin_Write
                0x000002da       0x46 MCAL/GPIO/GPIO.o
                0x000002da                GPIO_Pin_Write
 .text.GPIO_Port_Configuration
                0x00000320        0x6 MCAL/GPIO/GPIO.o
                0x00000320                GPIO_Port_Configuration
 .text.GPIO_Write_High_Nibble
                0x00000326       0x4a MCAL/GPIO/GPIO.o
                0x00000326                GPIO_Write_High_Nibble
 .text.TWI_INIT
                0x00000370       0x68 MCAL/I2C/I2C_File.o
                0x00000370                TWI_INIT
 .text.TWI_Start
                0x000003d8       0x5a MCAL/I2C/I2C_File.o
                0x000003d8                TWI_Start
 .text.TWI_Repeated_Start
                0x00000432       0x14 MCAL/I2C/I2C_File.o
                0x00000432                TWI_Repeated_Start
 .text.TWI_Write_Byte
                0x00000446       0x16 MCAL/I2C/I2C_File.o
                0x00000446                TWI_Write_Byte
 .text.TWI_Stop
                0x0000045c       0x14 MCAL/I2C/I2C_File.o
                0x0000045c                TWI_Stop
 .text.Write_address_For_Read
                0x00000470       0x16 MCAL/I2C/I2C_File.o
                0x00000470                Write_address_For_Read
 .text.TWI_Read_Byte_NAck
                0x00000486       0x1e MCAL/I2C/I2C_File.o
                0x00000486                TWI_Read_Byte_NAck
 .text.libgcc.div
                0x000004a4       0x44 c:/program files (x86)/atmel/atmel toolchain/avr8 gcc/native/3.4.1061/avr8-gnu-toolchain/bin/../lib/gcc/avr/4.8.1/avr5\libgcc.a(_udivmodsi4.o)
                0x000004a4                __udivmodsi4
                0x000004e8                . = ALIGN (0x2)
 *(.fini9)
 .fini9         0x000004e8        0x0 c:/program files (x86)/atmel/atmel toolchain/avr8 gcc/native/3.4.1061/avr8-gnu-toolchain/bin/../lib/gcc/avr/4.8.1/avr5\libgcc.a(_exit.o)
                0x000004e8                _exit
                0x000004e8                exit
 *(.fini9)
 *(.fini8)
 *(.fini8)
 *(.fini7)
 *(.fini7)
 *(.fini6)
 *(.fini6)
 *(.fini5)
 *(.fini5)
 *(.fini4)
 *(.fini4)
 *(.fini3)
 *(.fini3)
 *(.fini2)
 *(.fini2)
 *(.fini1)
 *(.fini1)
 *(.fini0)
 .fini0         0x000004e8        0x4 c:/program files (x86)/atmel/atmel toolchain/avr8 gcc/native/3.4.1061/avr8-gnu-toolchain/bin/../lib/gcc/avr/4.8.1/avr5\libgcc.a(_exit.o)
 *(.fini0)
                0x000004ec                _etext = .

.data           0x00800060        0x0 load address 0x000004ec
                0x00800060                PROVIDE (__data_start, .)
 *(.data)
 *(.data*)
 *(.rodata)
 *(.rodata*)
 *(.gnu.linkonce.d*)
                0x00800060                . = ALIGN (0x2)
                0x00800060                _edata = .
                0x00800060                PROVIDE (__data_end, .)

.bss            0x00800060        0x5
                0x00800060                PROVIDE (__bss_start, .)
 *(.bss)
 *(.bss*)
 .bss.counter   0x00800060        0x1 APP/Master_app.o
                0x00800060                counter
 .bss.TWI_1     0x00800061        0x4 MCAL/I2C/I2C_File.o
                0x00800061                TWI_1
 *(COMMON)
                0x00800065                PROVIDE (__bss_end, .)
                0x000004ec                __data_load_start = LOADADDR (.data)
                0x000004ec                __data_load_end = (__data_load_start + SIZEOF (.data))

.noinit         0x00800065        0x0
                0x00800065                PROVIDE (__noinit_start, .)
 *(.noinit*)
                0x00800065                PROVIDE (__noinit_end, .)
                0x00800065                _end = .
                0x00800065                PROVIDE (__heap_start, .)

.eeprom         0x00810000        0x0
 *(.eeprom*)
                0x00810000                __eeprom_end = .

.fuse
 *(.fuse)
 *(.lfuse)
 *(.hfuse)
 *(.efuse)

.lock
 *(.lock*)

.signature
 *(.signature*)

.user_signatures
 *(.user_signatures*)

.stab
 *(.stab)

.stabstr
 *(.stabstr)

.stab.excl
 *(.stab.excl)

.stab.exclstr
 *(.stab.exclstr)

.stab.index
 *(.stab.index)

.stab.indexstr
 *(.stab.indexstr)

.comment        0x00000000       0x30
 *(.comment)
 .comment       0x00000000       0x30 APP/Master_app.o
                                 0x31 (size before relaxing)
 .comment       0x00000000       0x31 APP/Master_Code.o
 .comment       0x00000000       0x31 HAL/LCD/LCD.o
 .comment       0x00000000       0x31 MCAL/GPIO/GPIO.o
 .comment       0x00000000       0x31 MCAL/I2C/I2C_File.o

.note.gnu.build-id
 *(.note.gnu.build-id)

.debug
 *(.debug)

.line
 *(.line)

.debug_srcinfo
 *(.debug_srcinfo)

.debug_sfnames
 *(.debug_sfnames)

.debug_aranges  0x00000000      0x170
 *(.debug_aranges)
 .debug_aranges
                0x00000000       0x38 APP/Master_app.o
 .debug_aranges
                0x00000038       0x20 APP/Master_Code.o
 .debug_aranges
                0x00000058       0x50 HAL/LCD/LCD.o
 .debug_aranges
                0x000000a8       0x68 MCAL/GPIO/GPIO.o
 .debug_aranges
                0x00000110       0x60 MCAL/I2C/I2C_File.o

.debug_pubnames
 *(.debug_pubnames)

.debug_info     0x00000000     0x1431
 *(.debug_info .gnu.linkonce.wi.*)
 .debug_info    0x00000000      0x48f APP/Master_app.o
 .debug_info    0x0000048f       0x7c APP/Master_Code.o
 .debug_info    0x0000050b      0x829 HAL/LCD/LCD.o
 .debug_info    0x00000d34      0x3f1 MCAL/GPIO/GPIO.o
 .debug_info    0x00001125      0x30c MCAL/I2C/I2C_File.o

.debug_abbrev   0x00000000      0x610
 *(.debug_abbrev)
 .debug_abbrev  0x00000000      0x1a6 APP/Master_app.o
 .debug_abbrev  0x000001a6       0x6d APP/Master_Code.o
 .debug_abbrev  0x00000213      0x1f6 HAL/LCD/LCD.o
 .debug_abbrev  0x00000409       0xf4 MCAL/GPIO/GPIO.o
 .debug_abbrev  0x000004fd      0x113 MCAL/I2C/I2C_File.o

.debug_line     0x00000000      0x725
 *(.debug_line .debug_line.* .debug_line_end)
 .debug_line    0x00000000      0x1d7 APP/Master_app.o
 .debug_line    0x000001d7       0x53 APP/Master_Code.o
 .debug_line    0x0000022a      0x259 HAL/LCD/LCD.o
 .debug_line    0x00000483      0x132 MCAL/GPIO/GPIO.o
 .debug_line    0x000005b5      0x170 MCAL/I2C/I2C_File.o

.debug_frame    0x00000000      0x278
 *(.debug_frame)
 .debug_frame   0x00000000       0x54 APP/Master_app.o
 .debug_frame   0x00000054       0x24 APP/Master_Code.o
 .debug_frame   0x00000078       0xa0 HAL/LCD/LCD.o
 .debug_frame   0x00000118       0xb4 MCAL/GPIO/GPIO.o
 .debug_frame   0x000001cc       0xac MCAL/I2C/I2C_File.o

.debug_str      0x00000000      0x716
 *(.debug_str)
 .debug_str     0x00000000      0x3e3 APP/Master_app.o
                                0x41c (size before relaxing)
 .debug_str     0x000003e3       0x1a APP/Master_Code.o
                                0x143 (size before relaxing)
 .debug_str     0x000003fd      0x183 HAL/LCD/LCD.o
                                0x377 (size before relaxing)
 .debug_str     0x00000580      0x136 MCAL/GPIO/GPIO.o
                                0x3b4 (size before relaxing)
 .debug_str     0x000006b6       0x60 MCAL/I2C/I2C_File.o
                                0x3a8 (size before relaxing)

.debug_loc      0x00000000      0x691
 *(.debug_loc)
 .debug_loc     0x00000000       0x48 APP/Master_app.o
 .debug_loc     0x00000048      0x1db HAL/LCD/LCD.o
 .debug_loc     0x00000223      0x292 MCAL/GPIO/GPIO.o
 .debug_loc     0x000004b5      0x1dc MCAL/I2C/I2C_File.o

.debug_macinfo
 *(.debug_macinfo)

.debug_weaknames
 *(.debug_weaknames)

.debug_funcnames
 *(.debug_funcnames)

.debug_typenames
 *(.debug_typenames)

.debug_varnames
 *(.debug_varnames)

.debug_pubtypes
 *(.debug_pubtypes)

.debug_ranges   0x00000000      0x120
 *(.debug_ranges)
 .debug_ranges  0x00000000       0x28 APP/Master_app.o
 .debug_ranges  0x00000028       0x10 APP/Master_Code.o
 .debug_ranges  0x00000038       0x40 HAL/LCD/LCD.o
 .debug_ranges  0x00000078       0x58 MCAL/GPIO/GPIO.o
 .debug_ranges  0x000000d0       0x50 MCAL/I2C/I2C_File.o

.debug_macro
 *(.debug_macro)
OUTPUT(Master_Code.elf elf32-avr)
LOAD linker stubs
